Listening on localhost port 9381
Spawning server process...
CUDA available: True
/home/AiChaosN/miniconda3/envs/limao/lib/python3.8/site-packages/torch_geometric/typing.py:68: UserWarning: An issue occurred while importing 'pyg-lib'. Disabling its usage. Stacktrace: /home/AiChaosN/miniconda3/envs/limao/lib/python3.8/site-packages/libpyg.so: undefined symbol: _ZN3c109TupleTypeC1ESt6vectorINS_4Type24SingletonOrSharedTypePtrIS2_EESaIS4_EESt8optionalINS_13QualifiedNameEESt10shared_ptrINS_14FunctionSchemaEE
  warnings.warn(f"An issue occurred while importing 'pyg-lib'. "
/home/AiChaosN/miniconda3/envs/limao/lib/python3.8/site-packages/torch_geometric/typing.py:86: UserWarning: An issue occurred while importing 'torch-scatter'. Disabling its usage. Stacktrace: /home/AiChaosN/miniconda3/envs/limao/lib/python3.8/site-packages/torch_scatter/_version_cuda.so: undefined symbol: _ZN5torch3jit17parseSchemaOrNameERKSsb
  warnings.warn(f"An issue occurred while importing 'torch-scatter'. "
/home/AiChaosN/miniconda3/envs/limao/lib/python3.8/site-packages/torch_geometric/typing.py:97: UserWarning: An issue occurred while importing 'torch-cluster'. Disabling its usage. Stacktrace: /home/AiChaosN/miniconda3/envs/limao/lib/python3.8/site-packages/torch_cluster/_version_cuda.so: undefined symbol: _ZN5torch3jit17parseSchemaOrNameERKSsb
  warnings.warn(f"An issue occurred while importing 'torch-cluster'. "
/home/AiChaosN/miniconda3/envs/limao/lib/python3.8/site-packages/torch_geometric/typing.py:113: UserWarning: An issue occurred while importing 'torch-spline-conv'. Disabling its usage. Stacktrace: /home/AiChaosN/miniconda3/envs/limao/lib/python3.8/site-packages/torch_spline_conv/_version_cuda.so: undefined symbol: _ZN5torch3jit17parseSchemaOrNameERKSsb
  warnings.warn(
/home/AiChaosN/miniconda3/envs/limao/lib/python3.8/site-packages/torch_geometric/typing.py:124: UserWarning: An issue occurred while importing 'torch-sparse'. Disabling its usage. Stacktrace: /home/AiChaosN/miniconda3/envs/limao/lib/python3.8/site-packages/torch_sparse/_version_cuda.so: undefined symbol: _ZN5torch3jit17parseSchemaOrNameERKSsb
  warnings.warn(f"An issue occurred while importing 'torch-sparse'. "
Using GNTO Model
/home/AiChaosN/miniconda3/envs/limao/lib/python3.8/site-packages/torch_geometric/typing.py:68: UserWarning: An issue occurred while importing 'pyg-lib'. Disabling its usage. Stacktrace: /home/AiChaosN/miniconda3/envs/limao/lib/python3.8/site-packages/libpyg.so: undefined symbol: _ZN3c109TupleTypeC1ESt6vectorINS_4Type24SingletonOrSharedTypePtrIS2_EESaIS4_EESt8optionalINS_13QualifiedNameEESt10shared_ptrINS_14FunctionSchemaEE
  warnings.warn(f"An issue occurred while importing 'pyg-lib'. "
/home/AiChaosN/miniconda3/envs/limao/lib/python3.8/site-packages/torch_geometric/typing.py:86: UserWarning: An issue occurred while importing 'torch-scatter'. Disabling its usage. Stacktrace: /home/AiChaosN/miniconda3/envs/limao/lib/python3.8/site-packages/torch_scatter/_version_cuda.so: undefined symbol: _ZN5torch3jit17parseSchemaOrNameERKSsb
  warnings.warn(f"An issue occurred while importing 'torch-scatter'. "
/home/AiChaosN/miniconda3/envs/limao/lib/python3.8/site-packages/torch_geometric/typing.py:97: UserWarning: An issue occurred while importing 'torch-cluster'. Disabling its usage. Stacktrace: /home/AiChaosN/miniconda3/envs/limao/lib/python3.8/site-packages/torch_cluster/_version_cuda.so: undefined symbol: _ZN5torch3jit17parseSchemaOrNameERKSsb
  warnings.warn(f"An issue occurred while importing 'torch-cluster'. "
/home/AiChaosN/miniconda3/envs/limao/lib/python3.8/site-packages/torch_geometric/typing.py:113: UserWarning: An issue occurred while importing 'torch-spline-conv'. Disabling its usage. Stacktrace: /home/AiChaosN/miniconda3/envs/limao/lib/python3.8/site-packages/torch_spline_conv/_version_cuda.so: undefined symbol: _ZN5torch3jit17parseSchemaOrNameERKSsb
  warnings.warn(
/home/AiChaosN/miniconda3/envs/limao/lib/python3.8/site-packages/torch_geometric/typing.py:124: UserWarning: An issue occurred while importing 'torch-sparse'. Disabling its usage. Stacktrace: /home/AiChaosN/miniconda3/envs/limao/lib/python3.8/site-packages/torch_sparse/_version_cuda.so: undefined symbol: _ZN5torch3jit17parseSchemaOrNameERKSsb
  warnings.warn(f"An issue occurred while importing 'torch-sparse'. "
Process Process-1:
Traceback (most recent call last):
  File "/home/AiChaosN/miniconda3/envs/limao/lib/python3.8/multiprocessing/process.py", line 315, in _bootstrap
    self.run()
  File "/home/AiChaosN/miniconda3/envs/limao/lib/python3.8/multiprocessing/process.py", line 108, in run
    self._target(*self._args, **self._kwargs)
  File "/home/AiChaosN/Project/Phd/project/LIMAOLifeLongRLDB/bao_server/main.py", line 158, in start_server
    with socketserver.TCPServer((listen_on, port), BaoJSONHandler) as server:
  File "/home/AiChaosN/miniconda3/envs/limao/lib/python3.8/socketserver.py", line 452, in __init__
    self.server_bind()
  File "/home/AiChaosN/miniconda3/envs/limao/lib/python3.8/socketserver.py", line 466, in server_bind
    self.socket.bind(self.server_address)
OSError: [Errno 98] Address already in use
